==========================================
reduce in EQUIV-CHECKING : checkEquiv(CZ(0,1), CZ(1,0)) .
result Bool: true
==========================================
reduce in EQUIV-CHECKING : checkEquiv(CX(0,1), H(1) CZ(0,1) H(1)) .
result Bool: true
==========================================
reduce in EQUIV-CHECKING : checkEquiv(H(0) H(1) CZ(0,1) H(0) H(1), H(0) H(1)
    CZ(1,0) H(0) H(1)) .
result Bool: true
==========================================
reduce in EQUIV-CHECKING : checkEquiv(H(0) CX(0,1) H(0), H(1) CX(1,0) H(1)) .
result Bool: true
==========================================
reduce in EQUIV-CHECKING : checkEquiv(H(0) H(1) CX(0,1) H(0) H(1), CX(1,0)) .
result Bool: true
==========================================
reduce in EQUIV-CHECKING : checkEquiv(H(0) H(1) CX(0,1), CX(1,0) H(0) H(1)) .
result Bool: true
==========================================
reduce in EQUIV-CHECKING : checkEquiv(CX(0,2), CX(0,1) CX(1,2) CX(0,1) CX(1,2))
    .
result Bool: true
==========================================
reduce in EQUIV-CHECKING : checkEquiv(CX(0,2), CX(1,2) CX(0,1) CX(1,2) CX(0,1))
    .
result Bool: true
==========================================
reduce in EQUIV-CHECKING : checkEquiv(CX(0,1) CX(1,2), CX(0,2) CX(1,2) CX(0,1))
    .
result Bool: true
==========================================
reduce in EQUIV-CHECKING : checkEquiv(CX(0,2) CX(0,2) CX(0,1) CX(1,2), CX(0,2)
    CX(1,2) CX(0,1) CX(1,2) CX(0,1) CX(0,1) CX(1,2)) .
result Bool: true
==========================================
reduce in EQUIV-CHECKING : checkEquiv(CX(0,2) CX(0,2) CX(0,1) CX(1,2), CX(0,2)
    CX(1,2) CX(0,1) CX(1,2) CX(1,2)) .
result Bool: true
==========================================
reduce in EQUIV-CHECKING : checkEquiv(CX(0,2) CX(0,2) CX(0,1) CX(1,2), CX(0,2)
    CX(1,2) CX(0,1)) .
result Bool: true
==========================================
reduce in EQUIV-CHECKING : checkEquiv(CX(1,2) CX(0,1) CX(0,2), CX(0,1) CX(1,2))
    .
result Bool: true
==========================================
reduce in EQUIV-CHECKING : checkEquiv(CX(1,2) CX(0,1) CX(0,2), CX(0,2) CX(1,2)
    CX(0,1)) .
result Bool: true
==========================================
reduce in EQUIV-CHECKING : checkEquiv(CX(0,1) CX(1,2) CX(0,2), CX(1,2) CX(0,1))
    .
result Bool: true
==========================================
reduce in EQUIV-CHECKING : checkEquiv(CX(0,1) CX(1,2) CX(0,2), CX(0,2) CX(0,1)
    CX(1,2)) .
result Bool: true
==========================================
reduce in EQUIV-CHECKING : checkEquiv(CX(0,1) CX(0,2), CX(0,1) CX(0,1) CX(1,2)
    CX(0,1) CX(1,2)) .
result Bool: true
==========================================
reduce in EQUIV-CHECKING : checkEquiv(CX(0,1) CX(0,2), CX(1,2) CX(0,1) CX(1,2))
    .
result Bool: true
==========================================
reduce in EQUIV-CHECKING : checkEquiv(CX(1,3) CX(0,2), CX(1,3) H(2) CZ(0,2) H(
    2)) .
result Bool: true
==========================================
reduce in EQUIV-CHECKING : checkEquiv(CX(1,3) CX(0,2), H(2) CX(1,2) CX(1,3) CZ(
    0,2) H(2)) .
result Bool: true
==========================================
reduce in EQUIV-CHECKING : checkEquiv(CX(1,3) CX(0,2), H(2) CX(2,3) CX(1,2) CZ(
    0,2) CX(2,3) H(2)) .
result Bool: true
==========================================
reduce in EQUIV-CHECKING : checkEquiv(CZ(0,1), CZ(2,0)) == false .
result Bool: false
==========================================
reduce in EQUIV-CHECKING : checkEquiv(CX(0,1), H(1) CZ(0,1)) == false .
result Bool: true
==========================================
reduce in EQUIV-CHECKING : checkEquiv(H(0) H(1) CZ(0,1) H(0) H(1), H(0) CZ(1,0)
    H(0) H(1)) == false .
result Bool: true
==========================================
reduce in EQUIV-CHECKING : checkEquiv(H(0) CX(0,1) H(0), H(1) CX(1,0)) == false
    .
result Bool: true
==========================================
reduce in EQUIV-CHECKING : checkEquiv(H(0) CX(0,1) H(0) H(1), CX(1,0)) == false
    .
result Bool: true
==========================================
reduce in EQUIV-CHECKING : checkEquiv(H(0) H(1) CX(0,1), CX(1,0) H(0) H(1)) ==
    false .
result Bool: false
==========================================
reduce in EQUIV-CHECKING : checkEquiv(CX(0,2), CX(0,1) CX(1,2) CX(1,2)) ==
    false .
result Bool: true
==========================================
reduce in EQUIV-CHECKING : checkEquiv(CX(0,2), CX(1,2) CX(1,2) CX(0,1)) ==
    false .
result Bool: true
==========================================
reduce in EQUIV-CHECKING : checkEquiv(CX(0,1) CX(1,2), CX(1,2) CX(0,1)) ==
    false .
result Bool: true
==========================================
reduce in EQUIV-CHECKING : checkEquiv(CX(0,2) CX(0,2) CX(0,1) CX(1,2), CX(0,2)
    CX(0,1) CX(1,2) CX(0,1) CX(0,1) CX(1,2)) == false .
result Bool: true
==========================================
reduce in EQUIV-CHECKING : checkEquiv(CX(0,2) CX(0,2) CX(0,1) CX(1,2), CX(0,2)
    CX(1,2) CX(1,2) CX(1,2)) == false .
result Bool: true
==========================================
reduce in EQUIV-CHECKING : checkEquiv(CX(0,2) CX(0,1) CX(1,2), CX(0,2) CX(1,2)
    CX(0,1)) == false .
result Bool: true
==========================================
reduce in EQUIV-CHECKING : checkEquiv(CX(0,1) CX(0,2), CX(0,1) CX(1,2)) ==
    false .
result Bool: true
==========================================
reduce in EQUIV-CHECKING : checkEquiv(CX(1,2) CX(0,1) CX(0,2), CX(1,2) CX(0,1))
    == false .
result Bool: true
==========================================
reduce in EQUIV-CHECKING : checkEquiv(CX(1,2) CX(0,2), CX(1,2) CX(0,1)) ==
    false .
result Bool: true
==========================================
reduce in EQUIV-CHECKING : checkEquiv(CX(0,1) CX(1,2) CX(0,2), CX(0,2) CX(1,2))
    == false .
result Bool: true
==========================================
reduce in EQUIV-CHECKING : checkEquiv(CX(0,1) CX(0,2), CX(0,1) CX(0,1) CX(0,1)
    CX(1,2)) == false .
result Bool: true
==========================================
reduce in EQUIV-CHECKING : checkEquiv(CX(0,1) CX(0,2), CX(1,2) CX(0,1)) ==
    false .
result Bool: true
==========================================
reduce in EQUIV-CHECKING : checkEquiv(CX(1,3) CX(0,2), CX(1,3) CZ(0,2) H(2)) ==
    false .
result Bool: true
==========================================
reduce in EQUIV-CHECKING : checkEquiv(CX(1,3) CX(0,2), H(2) CX(1,2) CZ(0,2) H(
    2)) == false .
result Bool: true
==========================================
reduce in EQUIV-CHECKING : checkEquiv(CX(1,3) CX(0,2), H(2) CX(2,3) CX(1,2) CX(
    2,3) H(2)) == false .
result Bool: true
Bye.
